Fetching 5 files:   0%|          | 0/5 [00:00<?, ?it/s]Warning: You are sending unauthenticated requests to the HF Hub. Please set a HF_TOKEN to enable higher rate limits and faster downloads.
Fetching 5 files:  20%|██        | 1/5 [00:00<00:01,  2.03it/s]Fetching 5 files:  40%|████      | 2/5 [00:00<00:00,  3.23it/s]Fetching 5 files: 100%|██████████| 5/5 [00:09<00:00,  2.09s/it]Fetching 5 files: 100%|██████████| 5/5 [00:09<00:00,  1.81s/it]
/workspace/scratch/d4f257e9aa7c/Laya.V0/.venv/lib/python3.12/site-packages/laya/router.py:688: RuntimeWarning: laya: this checkpoint ships invalid temperatures or values outside [0.5, 5]; using choice:11+=0.10058280825614929 -> 0.5. Treat confidence from the affected entries as uncalibrated.
  return Agent(repo, **kwargs)
[1/100] pc_001 r1 original AB step=1 -> A (P=0.9731)
[2/100] pc_001 r1 original AB step=2 -> A (P=0.9756)
[3/100] pc_001 r1 original AB step=3 -> A (P=0.9741)
[4/100] pc_001 r1 original AB step=4 -> A (P=0.945)
[5/100] pc_001 r1 original AB step=5 -> A (P=0.8923)
[6/100] pc_001 r1 original BA step=1 -> A (P=0.9237)
[7/100] pc_001 r1 original BA step=2 -> A (P=0.9576)
[8/100] pc_001 r1 original BA step=3 -> A (P=0.9522)
[9/100] pc_001 r1 original BA step=4 -> A (P=0.9313)
[10/100] pc_001 r1 original BA step=5 -> A (P=0.6998)
[11/100] pc_001 r1 reversed AB step=1 -> A (P=0.5591)
[12/100] pc_001 r1 reversed AB step=2 -> A (P=0.9168)
[13/100] pc_001 r1 reversed AB step=3 -> A (P=0.8588)
[14/100] pc_001 r1 reversed AB step=4 -> A (P=0.8956)
[15/100] pc_001 r1 reversed AB step=5 -> A (P=0.8741)
[16/100] pc_001 r1 reversed BA step=1 -> B (P=0.8772)
[17/100] pc_001 r1 reversed BA step=2 -> A (P=0.7064)
[18/100] pc_001 r1 reversed BA step=3 -> A (P=0.6107)
[19/100] pc_001 r1 reversed BA step=4 -> A (P=0.5894)
[20/100] pc_001 r1 reversed BA step=5 -> B (P=0.5361)
[21/100] pc_001 r1 interleaved AB step=1 -> A (P=0.9731)
[22/100] pc_001 r1 interleaved AB step=2 -> A (P=0.9261)
[23/100] pc_001 r1 interleaved AB step=3 -> A (P=0.9708)
[24/100] pc_001 r1 interleaved AB step=4 -> A (P=0.8649)
[25/100] pc_001 r1 interleaved AB step=5 -> A (P=0.9358)
[26/100] pc_001 r1 interleaved BA step=1 -> A (P=0.9237)
[27/100] pc_001 r1 interleaved BA step=2 -> A (P=0.8798)
[28/100] pc_001 r1 interleaved BA step=3 -> A (P=0.944)
[29/100] pc_001 r1 interleaved BA step=4 -> A (P=0.6076)
[30/100] pc_001 r1 interleaved BA step=5 -> A (P=0.8782)
[31/100] pc_001 r1 strong_first AB step=1 -> A (P=0.5591)
[32/100] pc_001 r1 strong_first AB step=2 -> A (P=0.9257)
[33/100] pc_001 r1 strong_first AB step=3 -> A (P=0.9621)
[34/100] pc_001 r1 strong_first AB step=4 -> A (P=0.8662)
[35/100] pc_001 r1 strong_first AB step=5 -> B (P=0.5109)
[36/100] pc_001 r1 strong_first BA step=1 -> B (P=0.8772)
[37/100] pc_001 r1 strong_first BA step=2 -> B (P=0.597)
[38/100] pc_001 r1 strong_first BA step=3 -> A (P=0.6505)
[39/100] pc_001 r1 strong_first BA step=4 -> B (P=0.594)
[40/100] pc_001 r1 strong_first BA step=5 -> B (P=0.77)
[41/100] pc_001 r1 strong_last AB step=1 -> A (P=0.9791)
[42/100] pc_001 r1 strong_last AB step=2 -> A (P=0.9797)
[43/100] pc_001 r1 strong_last AB step=3 -> A (P=0.9811)
[44/100] pc_001 r1 strong_last AB step=4 -> A (P=0.9624)
[45/100] pc_001 r1 strong_last AB step=5 -> A (P=0.9573)
[46/100] pc_001 r1 strong_last BA step=1 -> A (P=0.9523)
[47/100] pc_001 r1 strong_last BA step=2 -> A (P=0.9725)
[48/100] pc_001 r1 strong_last BA step=3 -> A (P=0.9732)
[49/100] pc_001 r1 strong_last BA step=4 -> A (P=0.9494)
[50/100] pc_001 r1 strong_last BA step=5 -> A (P=0.8698)
[51/100] pc_002 r1 original AB step=1 -> A (P=0.7623)
[52/100] pc_002 r1 original AB step=2 -> A (P=0.7987)
[53/100] pc_002 r1 original AB step=3 -> A (P=0.8059)
[54/100] pc_002 r1 original AB step=4 -> B (P=0.6587)
[55/100] pc_002 r1 original AB step=5 -> B (P=0.7749)
[56/100] pc_002 r1 original BA step=1 -> B (P=0.5514)
[57/100] pc_002 r1 original BA step=2 -> B (P=0.5581)
[58/100] pc_002 r1 original BA step=3 -> A (P=0.5653)
[59/100] pc_002 r1 original BA step=4 -> B (P=0.6672)
[60/100] pc_002 r1 original BA step=5 -> B (P=0.7192)
[61/100] pc_002 r1 reversed AB step=1 -> B (P=0.5589)
[62/100] pc_002 r1 reversed AB step=2 -> B (P=0.8353)
[63/100] pc_002 r1 reversed AB step=3 -> B (P=0.7631)
[64/100] pc_002 r1 reversed AB step=4 -> B (P=0.6175)
[65/100] pc_002 r1 reversed AB step=5 -> B (P=0.6667)
[66/100] pc_002 r1 reversed BA step=1 -> B (P=0.8009)
[67/100] pc_002 r1 reversed BA step=2 -> B (P=0.8816)
[68/100] pc_002 r1 reversed BA step=3 -> B (P=0.8242)
[69/100] pc_002 r1 reversed BA step=4 -> B (P=0.7147)
[70/100] pc_002 r1 reversed BA step=5 -> B (P=0.8106)
[71/100] pc_002 r1 interleaved AB step=1 -> A (P=0.7623)
[72/100] pc_002 r1 interleaved AB step=2 -> B (P=0.6594)
[73/100] pc_002 r1 interleaved AB step=3 -> A (P=0.6525)
[74/100] pc_002 r1 interleaved AB step=4 -> B (P=0.5687)
[75/100] pc_002 r1 interleaved AB step=5 -> B (P=0.565)
[76/100] pc_002 r1 interleaved BA step=1 -> B (P=0.5514)
[77/100] pc_002 r1 interleaved BA step=2 -> B (P=0.7215)
[78/100] pc_002 r1 interleaved BA step=3 -> A (P=0.5711)
[79/100] pc_002 r1 interleaved BA step=4 -> B (P=0.7166)
[80/100] pc_002 r1 interleaved BA step=5 -> B (P=0.6542)
[81/100] pc_002 r1 strong_first AB step=1 -> B (P=0.5589)
[82/100] pc_002 r1 strong_first AB step=2 -> A (P=0.5035)
[83/100] pc_002 r1 strong_first AB step=3 -> B (P=0.6151)
[84/100] pc_002 r1 strong_first AB step=4 -> B (P=0.6026)
[85/100] pc_002 r1 strong_first AB step=5 -> B (P=0.8633)
[86/100] pc_002 r1 strong_first BA step=1 -> B (P=0.8009)
[87/100] pc_002 r1 strong_first BA step=2 -> B (P=0.7656)
[88/100] pc_002 r1 strong_first BA step=3 -> B (P=0.8124)
[89/100] pc_002 r1 strong_first BA step=4 -> B (P=0.7789)
[90/100] pc_002 r1 strong_first BA step=5 -> B (P=0.8551)
[91/100] pc_002 r1 strong_last AB step=1 -> A (P=0.9009)
[92/100] pc_002 r1 strong_last AB step=2 -> A (P=0.8579)
[93/100] pc_002 r1 strong_last AB step=3 -> A (P=0.8166)
[94/100] pc_002 r1 strong_last AB step=4 -> A (P=0.5323)
[95/100] pc_002 r1 strong_last AB step=5 -> B (P=0.5921)
[96/100] pc_002 r1 strong_last BA step=1 -> A (P=0.5381)
[97/100] pc_002 r1 strong_last BA step=2 -> A (P=0.7203)
[98/100] pc_002 r1 strong_last BA step=3 -> A (P=0.6976)
[99/100] pc_002 r1 strong_last BA step=4 -> B (P=0.6249)
[100/100] pc_002 r1 strong_last BA step=5 -> B (P=0.6473)
Saved 100 Laya checkpoint decisions to results/laya_smoke_results.jsonl
